[     104ms] [INFO] %cDownload the React DevTools for a better development experience: https://react.dev/link/react-devtools font-weight:bold @ http://localhost:8081/node_modules/expo-router/entry.bundle?platform=web&dev=true&hot=false&lazy=true&transform.engine=hermes&transform.routerRoot=src%2Fapp&unstable_transformProfile=hermes-stable:70564
[     116ms] [LOG] Running application "main" with appParams:
 {rootTag: #root, hydrate: undefined} 
Development-level warnings: ON.
Performance optimizations: OFF. @ http://localhost:8081/node_modules/expo-router/entry.bundle?platform=web&dev=true&hot=false&lazy=true&transform.engine=hermes&transform.routerRoot=src%2Fapp&unstable_transformProfile=hermes-stable:70564
[   46809ms] Unable to resolve module ./vendor/react-native-vector-icons/Fonts/Ionicons.ttf from C:\Users\zacba\Documents\projects\date-night\node_modules\@expo\vector-icons\build\Ionicons.js: 

None of these files exist:
  * Ionicons.ttf
  * node_modules\@expo\vector-icons\build\vendor\react-native-vector-icons\Fonts\Ionicons.ttf
  1 | 'use client';
  2 | import createIconSet from './createIconSet';
> 3 | import font from './vendor/react-native-vector-icons/Fonts/Ionicons.ttf';
    |                   ^
  4 | import glyphMap from './vendor/react-native-vector-icons/glyphmaps/Ionicons.json';
  5 | export default createIconSet(glyphMap, 'ionicons', font);
  6 | //# sourceMappingURL=Ionicons.js.map
[   66350ms] Unable to resolve module ./vendor/react-native-vector-icons/Fonts/Ionicons.ttf from C:\Users\zacba\Documents\projects\date-night\node_modules\@expo\vector-icons\build\Ionicons.js: 

None of these files exist:
  * Ionicons.ttf
  * node_modules\@expo\vector-icons\build\vendor\react-native-vector-icons\Fonts\Ionicons.ttf
  1 | 'use client';
  2 | import createIconSet from './createIconSet';
> 3 | import font from './vendor/react-native-vector-icons/Fonts/Ionicons.ttf';
    |                   ^
  4 | import glyphMap from './vendor/react-native-vector-icons/glyphmaps/Ionicons.json';
  5 | export default createIconSet(glyphMap, 'ionicons', font);
  6 | //# sourceMappingURL=Ionicons.js.map
[   67245ms] Unable to resolve module ./vendor/react-native-vector-icons/Fonts/Ionicons.ttf from C:\Users\zacba\Documents\projects\date-night\node_modules\@expo\vector-icons\build\Ionicons.js: 

None of these files exist:
  * Ionicons.ttf
  * node_modules\@expo\vector-icons\build\vendor\react-native-vector-icons\Fonts\Ionicons.ttf
  1 | 'use client';
  2 | import createIconSet from './createIconSet';
> 3 | import font from './vendor/react-native-vector-icons/Fonts/Ionicons.ttf';
    |                   ^
  4 | import glyphMap from './vendor/react-native-vector-icons/glyphmaps/Ionicons.json';
  5 | export default createIconSet(glyphMap, 'ionicons', font);
  6 | //# sourceMappingURL=Ionicons.js.map
[   67388ms] Unable to resolve module ./vendor/react-native-vector-icons/Fonts/Ionicons.ttf from C:\Users\zacba\Documents\projects\date-night\node_modules\@expo\vector-icons\build\Ionicons.js: 

None of these files exist:
  * Ionicons.ttf
  * node_modules\@expo\vector-icons\build\vendor\react-native-vector-icons\Fonts\Ionicons.ttf
  1 | 'use client';
  2 | import createIconSet from './createIconSet';
> 3 | import font from './vendor/react-native-vector-icons/Fonts/Ionicons.ttf';
    |                   ^
  4 | import glyphMap from './vendor/react-native-vector-icons/glyphmaps/Ionicons.json';
  5 | export default createIconSet(glyphMap, 'ionicons', font);
  6 | //# sourceMappingURL=Ionicons.js.map
[   67846ms] Unable to resolve module ./vendor/react-native-vector-icons/Fonts/Ionicons.ttf from C:\Users\zacba\Documents\projects\date-night\node_modules\@expo\vector-icons\build\Ionicons.js: 

None of these files exist:
  * Ionicons.ttf
  * node_modules\@expo\vector-icons\build\vendor\react-native-vector-icons\Fonts\Ionicons.ttf
  1 | 'use client';
  2 | import createIconSet from './createIconSet';
> 3 | import font from './vendor/react-native-vector-icons/Fonts/Ionicons.ttf';
    |                   ^
  4 | import glyphMap from './vendor/react-native-vector-icons/glyphmaps/Ionicons.json';
  5 | export default createIconSet(glyphMap, 'ionicons', font);
  6 | //# sourceMappingURL=Ionicons.js.map
[   74218ms] Unable to resolve module ./vendor/react-native-vector-icons/Fonts/Ionicons.ttf from C:\Users\zacba\Documents\projects\date-night\node_modules\@expo\vector-icons\build\Ionicons.js: 

None of these files exist:
  * Ionicons.ttf
  * node_modules\@expo\vector-icons\build\vendor\react-native-vector-icons\Fonts\Ionicons.ttf
  1 | 'use client';
  2 | import createIconSet from './createIconSet';
> 3 | import font from './vendor/react-native-vector-icons/Fonts/Ionicons.ttf';
    |                   ^
  4 | import glyphMap from './vendor/react-native-vector-icons/glyphmaps/Ionicons.json';
  5 | export default createIconSet(glyphMap, 'ionicons', font);
  6 | //# sourceMappingURL=Ionicons.js.map
